10:41:29 **** Incremental Build of configuration Debug for project UserApp ****
make all 
D:/Vivado/Vitis/2020.1/gnuwin/bin/make --no-print-directory pre-build
a9-linaro-pre-build-step
' '
D:/Vivado/Vitis/2020.1/gnuwin/bin/make --no-print-directory main-build
'Building file: ../src/helloworld.c'
'Invoking: ARM v7 gcc compiler'
arm-none-eabi-gcc -Wall -O0 -g3 -c -fmessage-length=0 -MT"src/helloworld.o" -mcpu=cortex-a9 -mfpu=vfpv3 -mfloat-abi=hard -ID:/Vivado_Project/MS.CnnAccFPGA/Vitis_workspace/HwProj/export/HwProj/sw/HwProj/standalone_domain/bspinclude/include -MMD -MP -MF"src/helloworld.d" -MT"src/helloworld.o" -o "src/helloworld.o" "../src/helloworld.c"
'Finished building: ../src/helloworld.c'
' '
'Building target: UserApp.elf'
'Invoking: ARM v7 gcc linker'
arm-none-eabi-gcc -mcpu=cortex-a9 -mfpu=vfpv3 -mfloat-abi=hard -Wl,-build-id=none -specs=Xilinx.spec -Wl,-T -Wl,../src/lscript.ld -LD:/Vivado_Project/MS.CnnAccFPGA/Vitis_workspace/HwProj/export/HwProj/sw/HwProj/standalone_domain/bsplib/lib -o "UserApp.elf"  ./src/helloworld.o ./src/platform.o   -Wl,--start-group,-lxil,-lgcc,-lc,--end-group
'Finished building target: UserApp.elf'
' '
'Invoking: ARM v7 Print Size'
arm-none-eabi-size UserApp.elf  |tee "UserApp.elf.size"
   text	   data	    bss	    dec	    hex	filename
  33116	   2248	  24504	  59868	   e9dc	UserApp.elf
'Finished building: UserApp.elf.size'
' '

10:41:30 Build Finished (took 608ms)

