#-----------------------------------------------------------
# Webtalk v2020.1 (64-bit)
# SW Build 2902540 on Wed May 27 19:54:49 MDT 2020
# IP Build 2902112 on Wed May 27 22:43:36 MDT 2020
# Start of session at: Mon Jan 18 13:39:34 2021
# Process ID: 18972
# Current directory: D:/Vivado_Project/MS.CnnAccFPGA/Vivado_proj/weight_buffer_sim/weight_buffer_sim.sim/sim_1/behav/xsim
# Command line: wbtcv.exe -mode batch -source D:/Vivado_Project/MS.CnnAccFPGA/Vivado_proj/weight_buffer_sim/weight_buffer_sim.sim/sim_1/behav/xsim/xsim.dir/weight_buffer_tb_behav/webtalk/xsim_webtalk.tcl -notrace
# Log file: D:/Vivado_Project/MS.CnnAccFPGA/Vivado_proj/weight_buffer_sim/weight_buffer_sim.sim/sim_1/behav/xsim/webtalk.log
# Journal file: D:/Vivado_Project/MS.CnnAccFPGA/Vivado_proj/weight_buffer_sim/weight_buffer_sim.sim/sim_1/behav/xsim\webtalk.jou
#-----------------------------------------------------------
source D:/Vivado_Project/MS.CnnAccFPGA/Vivado_proj/weight_buffer_sim/weight_buffer_sim.sim/sim_1/behav/xsim/xsim.dir/weight_buffer_tb_behav/webtalk/xsim_webtalk.tcl -notrace
