17:32:36 **** Build of configuration Debug for project App2 ****
make all 
D:/Vivado/Vitis/2020.1/gnuwin/bin/make --no-print-directory pre-build
a9-linaro-pre-build-step
' '
D:/Vivado/Vitis/2020.1/gnuwin/bin/make --no-print-directory main-build
'Building file: ../src/helloworld.c'
'Invoking: ARM v7 gcc compiler'
arm-none-eabi-gcc -Wall -O0 -g3 -c -fmessage-length=0 -MT"src/helloworld.o" -mcpu=cortex-a9 -mfpu=vfpv3 -mfloat-abi=hard -ID:/Vivado_Project/dma_test/vitis/HwWithAcc2/export/HwWithAcc2/sw/HwWithAcc2/standalone_domain/bspinclude/include -MMD -MP -MF"src/helloworld.d" -MT"src/helloworld.o" -o "src/helloworld.o" "../src/helloworld.c"
'Finished building: ../src/helloworld.c'
' '
'Building file: ../src/platform.c'
'Invoking: ARM v7 gcc compiler'
arm-none-eabi-gcc -Wall -O0 -g3 -c -fmessage-length=0 -MT"src/platform.o" -mcpu=cortex-a9 -mfpu=vfpv3 -mfloat-abi=hard -ID:/Vivado_Project/dma_test/vitis/HwWithAcc2/export/HwWithAcc2/sw/HwWithAcc2/standalone_domain/bspinclude/include -MMD -MP -MF"src/platform.d" -MT"src/platform.o" -o "src/platform.o" "../src/platform.c"
'Finished building: ../src/platform.c'
' '
'Building target: App2.elf'
'Invoking: ARM v7 gcc linker'
arm-none-eabi-gcc -mcpu=cortex-a9 -mfpu=vfpv3 -mfloat-abi=hard -Wl,-build-id=none -specs=Xilinx.spec -Wl,-T -Wl,../src/lscript.ld -LD:/Vivado_Project/dma_test/vitis/HwWithAcc2/export/HwWithAcc2/sw/HwWithAcc2/standalone_domain/bsplib/lib -o "App2.elf"  ./src/helloworld.o ./src/platform.o   -Wl,--start-group,-lxil,-lgcc,-lc,--end-group
'Finished building target: App2.elf'
' '
'Invoking: ARM v7 Print Size'
arm-none-eabi-size App2.elf  |tee "App2.elf.size"
   text	   data	    bss	    dec	    hex	filename
  33048	   2248	  24504	  59800	   e998	App2.elf
'Finished building: App2.elf.size'
' '

17:32:37 Build Finished (took 844ms)

