18:39:40 **** Incremental Build of configuration Debug for project App3 ****
make all 
D:/Vivado/Vitis/2020.1/gnuwin/bin/make --no-print-directory pre-build
a9-linaro-pre-build-step
' '
D:/Vivado/Vitis/2020.1/gnuwin/bin/make --no-print-directory main-build
'Building file: ../src/helloworld.c'
'Invoking: ARM v7 gcc compiler'
arm-none-eabi-gcc -Wall -O0 -g3 -c -fmessage-length=0 -MT"src/helloworld.o" -mcpu=cortex-a9 -mfpu=vfpv3 -mfloat-abi=hard -ID:/Vivado_Project/dma_test/vitis/Hw0/export/Hw0/sw/Hw0/standalone_domain/bspinclude/include -MMD -MP -MF"src/helloworld.d" -MT"src/helloworld.o" -o "src/helloworld.o" "../src/helloworld.c"
'Finished building: ../src/helloworld.c'
' '
'Building file: ../src/platform.c'
'Invoking: ARM v7 gcc compiler'
arm-none-eabi-gcc -Wall -O0 -g3 -c -fmessage-length=0 -MT"src/platform.o" -mcpu=cortex-a9 -mfpu=vfpv3 -mfloat-abi=hard -ID:/Vivado_Project/dma_test/vitis/Hw0/export/Hw0/sw/Hw0/standalone_domain/bspinclude/include -MMD -MP -MF"src/platform.d" -MT"src/platform.o" -o "src/platform.o" "../src/platform.c"
'Finished building: ../src/platform.c'
' '
'Building target: App3.elf'
'Invoking: ARM v7 gcc linker'
arm-none-eabi-gcc -mcpu=cortex-a9 -mfpu=vfpv3 -mfloat-abi=hard -Wl,-build-id=none -specs=Xilinx.spec -Wl,-T -Wl,../src/lscript.ld -LD:/Vivado_Project/dma_test/vitis/Hw0/export/Hw0/sw/Hw0/standalone_domain/bsplib/lib -o "App3.elf"  ./src/helloworld.o ./src/platform.o   -Wl,--start-group,-lxil,-lgcc,-lc,--end-group
'Finished building target: App3.elf'
' '
'Invoking: ARM v7 Print Size'
arm-none-eabi-size App3.elf  |tee "App3.elf.size"
   text	   data	    bss	    dec	    hex	filename
  32960	   2248	  24504	  59712	   e940	App3.elf
'Finished building: App3.elf.size'
' '

18:39:40 Build Finished (took 759ms)

